---
source: facet-macros-emit/tests/codegen/mod.rs
expression: "expand(r#\"\n        #[derive(Facet)]\n        struct Foo {\n            /// This field has a doc comment\n            bar: u32,\n        }\n        \"#)"
---
#[used]
static FOO_SHAPE: &'static ::facet::Shape = <Foo as ::facet::Facet>::SHAPE;
#[automatically_derived]
unsafe impl<'__facet> ::facet::Facet<'__facet> for Foo {
    const VTABLE: &'static ::facet::ValueVTable = &const {
        let mut vtable =
            ::facet::value_vtable!(Self, |f, _opts| ::core::fmt::Write::write_str(f, "Foo"));
        vtable
    };
    const SHAPE: &'static ::facet::Shape<'static> = &const {
        let fields: &'static [::facet::Field] = &const {
            [{
                ::facet::Field::builder()
                    .name("bar")
                    .shape(::facet::shape_of(&|s: &Foo| &s.bar))
                    .offset(::core::mem::offset_of!(Foo, bar))
                    .doc(&[" This field has a doc comment"])
                    .build()
            }]
        };
        ::facet::Shape::builder_for_sized::<Self>()
            .type_identifier("Foo")
            .ty(::facet::Type::User(::facet::UserType::Struct(
                ::facet::StructType::builder()
                    .repr(::facet::Repr::default())
                    .kind(::facet::StructKind::Struct)
                    .fields(fields)
                    .build(),
            )))
            .build()
    };
}
