---
source: facet-derive-emit/tests/codegen/mod.rs
expression: "expand(r#\"\n        struct Foo<K, V> where K: Eq + Hash {\n            inner: HashMap<K, V>,\n        }\n        \"#)"
---
#[automatically_derived]
unsafe impl<'__facet, K, V> ::facet::Facet<'__facet> for Foo<K, V>
where
    K: Eq + Hash,
    K: ::facet::Facet<'__facet>,
    V: ::facet::Facet<'__facet>,
{
    const VTABLE: &'static ::facet::ValueVTable = &const {
        let mut vtable =
            ::facet::value_vtable!(Self, |f, _opts| ::core::fmt::Write::write_str(f, "Foo"));
        vtable
    };
    const SHAPE: &'static ::facet::Shape<'static> = &const {
        let fields: &'static [::facet::Field] = &const {
            [{
                ::facet::Field::builder()
                    .name("inner")
                    .shape(::facet::shape_of(&|s: &Foo<K, V>| &s.inner))
                    .offset(:: core :: mem :: offset_of ! (Foo < K , V > , inner))
                    .build()
            }]
        };
        ::facet::Shape::builder_for_sized::<Self>()
            .type_params(&[
                ::facet::TypeParam {
                    name: "K",
                    shape: || <K as ::facet::Facet>::SHAPE,
                },
                ::facet::TypeParam {
                    name: "V",
                    shape: || <V as ::facet::Facet>::SHAPE,
                },
            ])
            .ty(::facet::Type::User(::facet::UserType::Struct(
                ::facet::StructType::builder()
                    .repr(::facet::Repr::c())
                    .kind(::facet::StructKind::Struct)
                    .fields(fields)
                    .build(),
            )))
            .build()
    };
}
