---
source: facet-derive-emit/tests/codegen/mod.rs
expression: "expand(r#\"\n        #[derive(Facet)]\n        #[facet(transparent)]\n        struct Wrapper(u32);\n        \"#)"
---
#[used]
static WRAPPER_SHAPE: &'static ::facet::Shape = <Wrapper as ::facet::Facet>::SHAPE;
#[automatically_derived]
unsafe impl<'__facet> ::facet::Facet<'__facet> for Wrapper {
    const SHAPE: &'static ::facet::Shape = &const {
        let fields: &'static [::facet::Field] = &const {
            [::facet::Field::builder()
                .name("0")
                .shape(|| ::facet::shape_of(&|s: &Wrapper| &s.0))
                .offset(::core::mem::offset_of!(Wrapper, 0))
                .build()]
        };
        let vtable = &const {
            let mut vtable = ::facet::value_vtable!(
                Self,
                |f, _opts| ::core::fmt::Write::write_str(f, "Wrapper")
            );
            unsafe fn try_from<'src, 'dst>(
                src_ptr: ::facet::PtrConst<'src>,
                src_shape: &'static ::facet::Shape,
                dst: ::facet::PtrUninit<'dst>,
            ) -> Result<::facet::PtrMut<'dst>, ::facet::TryFromError> {
                match <u32 as ::facet::Facet>::SHAPE.vtable.try_from {
                    Some(inner_try) => unsafe { (inner_try)(src_ptr, src_shape, dst) },
                    None => {
                        if src_shape != <u32 as ::facet::Facet>::SHAPE {
                            return Err(::facet::TryFromError::UnsupportedSourceShape {
                                src_shape,
                                expected: const { &[&<u32 as ::facet::Facet>::SHAPE] },
                            });
                        }
                        let inner: u32 = unsafe { src_ptr.read() };
                        Ok(unsafe { dst.put(inner) })
                    }
                }
            }
            vtable.try_from = Some(try_from);
            unsafe fn try_into_inner<'src, 'dst>(
                src_ptr: ::facet::PtrConst<'src>,
                dst: ::facet::PtrUninit<'dst>,
            ) -> Result<::facet::PtrMut<'dst>, ::facet::TryIntoInnerError> {
                let wrapper = unsafe { src_ptr.get::<Wrapper>() };
                Ok(unsafe { dst.put(wrapper.0.clone()) })
            }
            vtable.try_into_inner = Some(try_into_inner);
            unsafe fn try_borrow_inner<'src>(
                src_ptr: ::facet::PtrConst<'src>,
            ) -> Result<::facet::PtrConst<'src>, ::facet::TryBorrowInnerError> {
                let wrapper = unsafe { src_ptr.get::<Wrapper>() };
                Ok(::facet::PtrConst::new(&wrapper.0 as *const _ as *const u8))
            }
            vtable.try_borrow_inner = Some(try_borrow_inner);
            vtable
        };
        fn inner_shape() -> &'static ::facet::Shape {
            <u32 as ::facet::Facet>::SHAPE
        }
        ::facet::Shape::builder()
            .id(::facet::ConstTypeId::of::<Self>())
            .layout(::core::alloc::Layout::new::<Self>())
            .vtable(vtable)
            .def(::facet::Def::Struct(
                ::facet::StructDef::builder()
                    .kind(::facet::StructKind::TupleStruct)
                    .fields(fields)
                    .build(),
            ))
            .inner(inner_shape)
            .attributes(&[::facet::ShapeAttribute::Transparent])
            .build()
    };
}
