---
source: facet-derive-emit/tests/codegen/mod.rs
expression: "expand(r#\"\n        #[repr(u8)]\n        #[derive(Facet)]\n        enum Test {\n          Red,\n          Blue = 7,\n          Green,\n          Yellow = 10,\n        }\n        \"#)"
---
#[used]
static TEST_SHAPE: &'static ::facet::Shape = <Test as ::facet::Facet>::SHAPE;
#[automatically_derived]
#[allow(non_camel_case_types)]
unsafe impl<'__facet> ::facet::Facet<'__facet> for Test {
    const VTABLE: &'static ::facet::ValueVTable = &const {
        ::facet::value_vtable!(Self, |f, _opts| ::core::fmt::Write::write_str(f, "Test"))
    };
    const SHAPE: &'static ::facet::Shape = &const {
        let __facet_variants: &'static [::facet::Variant] = &const {
            [
                ::facet::Variant::builder()
                    .name("Red")
                    .discriminant(0i64)
                    .data(
                        ::facet::StructType::builder()
                            .repr(::facet::Repr::c())
                            .unit()
                            .build(),
                    )
                    .build(),
                ::facet::Variant::builder()
                    .name("Blue")
                    .discriminant(7)
                    .data(
                        ::facet::StructType::builder()
                            .repr(::facet::Repr::c())
                            .unit()
                            .build(),
                    )
                    .build(),
                ::facet::Variant::builder()
                    .name("Green")
                    .discriminant(7 + 1i64)
                    .data(
                        ::facet::StructType::builder()
                            .repr(::facet::Repr::c())
                            .unit()
                            .build(),
                    )
                    .build(),
                ::facet::Variant::builder()
                    .name("Yellow")
                    .discriminant(10)
                    .data(
                        ::facet::StructType::builder()
                            .repr(::facet::Repr::c())
                            .unit()
                            .build(),
                    )
                    .build(),
            ]
        };
        ::facet::Shape::builder_for_sized::<Self>()
            .ty(::facet::Type::User(::facet::UserType::Enum(
                ::facet::EnumType::builder()
                    .variants(__facet_variants)
                    .repr(::facet::Repr::c())
                    .enum_repr(::facet::EnumRepr::U8)
                    .build(),
            )))
            .build()
    };
}
