---
source: facet-derive-emit/tests/codegen/mod.rs
expression: "expand(r#\"\n        #[derive(Facet)]\n        #[facet(rename_all = \"camelCase\")]\n        struct CamelCaseExample {\n            field_one: String,\n            field_two: String,\n        }\n        \"#)"
---
#[used]
static CAMEL_CASE_EXAMPLE_SHAPE: &'static ::facet::Shape =
    <CamelCaseExample as ::facet::Facet>::SHAPE;
#[automatically_derived]
unsafe impl<'__facet> ::facet::Facet<'__facet> for CamelCaseExample {
    const SHAPE: &'static ::facet::Shape = &const {
        let fields: &'static [::facet::Field] = &const {
            [
                ::facet::Field::builder()
                    .name("fieldOne")
                    .shape(|| ::facet::shape_of(&|s: &CamelCaseExample| &s.field_one))
                    .offset(::core::mem::offset_of!(CamelCaseExample, field_one))
                    .flags(::facet::FieldFlags::EMPTY)
                    .attributes(&const { [::facet::FieldAttribute::Rename("fieldOne")] })
                    .build(),
                ::facet::Field::builder()
                    .name("fieldTwo")
                    .shape(|| ::facet::shape_of(&|s: &CamelCaseExample| &s.field_two))
                    .offset(::core::mem::offset_of!(CamelCaseExample, field_two))
                    .flags(::facet::FieldFlags::EMPTY)
                    .attributes(&const { [::facet::FieldAttribute::Rename("fieldTwo")] })
                    .build(),
            ]
        };
        let vtable = &const {
            let mut vtable = ::facet::value_vtable!(
                Self,
                |f, _opts| ::core::fmt::Write::write_str(f, "CamelCaseExample")
            );
            vtable
        };
        ::facet::Shape::builder()
            .id(::facet::ConstTypeId::of::<Self>())
            .layout(::core::alloc::Layout::new::<Self>())
            .vtable(vtable)
            .def(::facet::Def::Struct(
                ::facet::StructDef::builder()
                    .kind(::facet::StructKind::Struct)
                    .fields(fields)
                    .build(),
            ))
            .attributes(&[::facet::ShapeAttribute::RenameAll("camelCase")])
            .build()
    };
}
