---
source: facet-derive-emit/tests/codegen/mod.rs
assertion_line: 293
expression: "expand(r#\"\n        #[derive(Facet)]\n        struct MyTupleStruct(\n            /// This is a documented field\n            u32,\n            /// This is another documented field\n            String,\n        );\n        \"#)"
---
#[used]
static MY_TUPLE_STRUCT_SHAPE: &'static ::facet::Shape = <MyTupleStruct as ::facet::Facet>::SHAPE;
#[automatically_derived]
unsafe impl<'__facet> ::facet::Facet<'__facet> for MyTupleStruct {
    const VTABLE: &'static ::facet::ValueVTable = &const {
        let mut vtable = ::facet::value_vtable!(Self, |f, _opts| ::core::fmt::Write::write_str(
            f,
            "MyTupleStruct"
        ));
        vtable
    };
    const SHAPE: &'static ::facet::Shape<'static> = &const {
        let fields: &'static [::facet::Field] = &const {
            [
                {
                    ::facet::Field::builder()
                        .name("0")
                        .shape(::facet::shape_of(&|s: &MyTupleStruct| &s.0))
                        .offset(::core::mem::offset_of!(MyTupleStruct, 0))
                        .doc(&[" This is a documented field"])
                        .build()
                },
                {
                    ::facet::Field::builder()
                        .name("1")
                        .shape(::facet::shape_of(&|s: &MyTupleStruct| &s.1))
                        .offset(::core::mem::offset_of!(MyTupleStruct, 1))
                        .doc(&[" This is another documented field"])
                        .build()
                },
            ]
        };
        ::facet::Shape::builder_for_sized::<Self>()
            .type_identifier("MyTupleStruct")
            .ty(::facet::Type::User(::facet::UserType::Struct(
                ::facet::StructType::builder()
                    .repr(::facet::Repr::c())
                    .kind(::facet::StructKind::TupleStruct)
                    .fields(fields)
                    .build(),
            )))
            .build()
    };
}
