---
source: facet-derive-emit/tests/codegen/mod.rs
expression: "expand(r#\"\n        #[repr(u16)]\n        #[derive(Facet)]\n        enum Color {\n          Red      = 0x01,\n          Blue     = 0x7F,\n          Green    = 0x80,\n          Yellow   = 0x10,\n          Magenta  = 0xfeed,\n          Cyan     = 0xBEEF,\n        }\n        \"#)"
---
#[used]
static COLOR_SHAPE: &'static ::facet::Shape = <Color as ::facet::Facet>::SHAPE;
#[automatically_derived]
#[allow(non_camel_case_types)]
unsafe impl<'__facet> ::facet::Facet<'__facet> for Color {
    const VTABLE: &'static ::facet::ValueVTable = &const {
        ::facet::value_vtable!(Self, |f, _opts| ::core::fmt::Write::write_str(f, "Color"))
    };
    const SHAPE: &'static ::facet::Shape<'static> = &const {
        let __facet_variants: &'static [::facet::Variant] = &const {
            [
                ::facet::Variant::builder()
                    .name("Red")
                    .discriminant(0x01)
                    .data(
                        ::facet::StructType::builder()
                            .repr(::facet::Repr::c())
                            .unit()
                            .build(),
                    )
                    .build(),
                ::facet::Variant::builder()
                    .name("Blue")
                    .discriminant(0x7F)
                    .data(
                        ::facet::StructType::builder()
                            .repr(::facet::Repr::c())
                            .unit()
                            .build(),
                    )
                    .build(),
                ::facet::Variant::builder()
                    .name("Green")
                    .discriminant(0x80)
                    .data(
                        ::facet::StructType::builder()
                            .repr(::facet::Repr::c())
                            .unit()
                            .build(),
                    )
                    .build(),
                ::facet::Variant::builder()
                    .name("Yellow")
                    .discriminant(0x10)
                    .data(
                        ::facet::StructType::builder()
                            .repr(::facet::Repr::c())
                            .unit()
                            .build(),
                    )
                    .build(),
                ::facet::Variant::builder()
                    .name("Magenta")
                    .discriminant(0xfeed)
                    .data(
                        ::facet::StructType::builder()
                            .repr(::facet::Repr::c())
                            .unit()
                            .build(),
                    )
                    .build(),
                ::facet::Variant::builder()
                    .name("Cyan")
                    .discriminant(0xBEEF)
                    .data(
                        ::facet::StructType::builder()
                            .repr(::facet::Repr::c())
                            .unit()
                            .build(),
                    )
                    .build(),
            ]
        };
        ::facet::Shape::builder_for_sized::<Self>()
            .ty(::facet::Type::User(::facet::UserType::Enum(
                ::facet::EnumType::builder()
                    .variants(__facet_variants)
                    .repr(::facet::Repr::c())
                    .enum_repr(::facet::EnumRepr::U16)
                    .build(),
            )))
            .build()
    };
}
